bot.ts(67,19): error TS2769: No overload matches this call.
  Overload 1 of 2, '(version: "v4"): Sheets', gave the following error.
    Argument of type '{ version: string; auth: AnyAuthClient; }' is not assignable to parameter of type '"v4"'.
  Overload 2 of 2, '(options: Options): Sheets', gave the following error.
    Type 'AnyAuthClient' is not assignable to type 'string | OAuth2Client | BaseExternalAccountClient | GoogleAuth<AuthClient>'.
      Type 'AuthClient' is not assignable to type 'string | OAuth2Client | BaseExternalAccountClient | GoogleAuth<AuthClient>'.
        Type 'AuthClient' is missing the following properties from type 'BaseExternalAccountClient': #private, projectNumber, audience, subjectTokenType, and 17 more.
node_modules/gaxios/build/cjs/src/gaxios.d.ts(16,5): error TS18028: Private identifiers are only available when targeting ECMAScript 2015 and higher.
node_modules/google-auth-library/build/src/auth/awsclient.d.ts(83,5): error TS18028: Private identifiers are only available when targeting ECMAScript 2015 and higher.
node_modules/google-auth-library/build/src/auth/baseexternalclient.d.ts(173,5): error TS18028: Private identifiers are only available when targeting ECMAScript 2015 and higher.
node_modules/google-auth-library/build/src/auth/googleauth.d.ts(159,5): error TS18028: Private identifiers are only available when targeting ECMAScript 2015 and higher.
node_modules/google-auth-library/build/src/auth/oauth2common.d.ts(50,5): error TS18028: Private identifiers are only available when targeting ECMAScript 2015 and higher.
node_modules/google-auth-library/build/src/auth/stscredentials.d.ts(99,5): error TS18028: Private identifiers are only available when targeting ECMAScript 2015 and higher.
node_modules/google-auth-library/build/src/util.d.ts(125,5): error TS18028: Private identifiers are only available when targeting ECMAScript 2015 and higher.
